2026-07-02 00:15:01,048	INFO	module:_logger
This is BioCypher v0.15.2.
2026-07-02 00:15:01,051	INFO	module:_logger
Logging into `biocypher-log/biocypher-20260702-001501.log`.
2026-07-02 00:15:01,053	DEBUG	module:_create
Loading module biocypher._create.
2026-07-02 00:15:01,057	DEBUG	module:_deduplicate
Loading module biocypher._deduplicate.
2026-07-02 00:15:01,398	DEBUG	module:_misc
Loading module biocypher._misc.
2026-07-02 00:15:01,399	DEBUG	module:_get
Loading module biocypher._get.
2026-07-02 00:15:01,401	DEBUG	module:_mapping
Loading module biocypher._mapping.
2026-07-02 00:15:01,453	DEBUG	module:_ontology
Loading module biocypher._ontology.
2026-07-02 00:15:01,460	DEBUG	module:_translate
Loading module biocypher._translate.
2026-07-02 00:15:01,462	DEBUG	module:_get_connector
Loading module biocypher.output.connect._get_connector.
2026-07-02 00:15:01,846	DEBUG	module:_get_in_memory_kg
Loading module biocypher.output.in_memory._get_in_memory_kg.
2026-07-02 00:15:01,853	DEBUG	module:_get_writer
Loading module biocypher.output.write._get_writer.
2026-07-02 00:15:01,855	DEBUG	module:_core
Loading module biocypher._core.
